Archive member included to satisfy reference by file (symbol)

c:/program files (x86)/atmel/studio/7.0/toolchain/avr8/avr8-gnu-toolchain/bin/../lib/gcc/avr/5.4.0/../../../../avr/lib/avrxmega7\libm.a(addsf3.o)
                              src/main.o (__addsf3)
c:/program files (x86)/atmel/studio/7.0/toolchain/avr8/avr8-gnu-toolchain/bin/../lib/gcc/avr/5.4.0/../../../../avr/lib/avrxmega7\libm.a(addsf3x.o)
                              c:/program files (x86)/atmel/studio/7.0/toolchain/avr8/avr8-gnu-toolchain/bin/../lib/gcc/avr/5.4.0/../../../../avr/lib/avrxmega7\libm.a(addsf3.o) (__addsf3x)
c:/program files (x86)/atmel/studio/7.0/toolchain/avr8/avr8-gnu-toolchain/bin/../lib/gcc/avr/5.4.0/../../../../avr/lib/avrxmega7\libm.a(cmpsf2.o)
                              src/main.o (__ltsf2)
c:/program files (x86)/atmel/studio/7.0/toolchain/avr8/avr8-gnu-toolchain/bin/../lib/gcc/avr/5.4.0/../../../../avr/lib/avrxmega7\libm.a(divsf3.o)
                              src/Drivers/MS56XX.o (__divsf3)
c:/program files (x86)/atmel/studio/7.0/toolchain/avr8/avr8-gnu-toolchain/bin/../lib/gcc/avr/5.4.0/../../../../avr/lib/avrxmega7\libm.a(divsf3x.o)
                              c:/program files (x86)/atmel/studio/7.0/toolchain/avr8/avr8-gnu-toolchain/bin/../lib/gcc/avr/5.4.0/../../../../avr/lib/avrxmega7\libm.a(divsf3.o) (__divsf3x)
c:/program files (x86)/atmel/studio/7.0/toolchain/avr8/avr8-gnu-toolchain/bin/../lib/gcc/avr/5.4.0/../../../../avr/lib/avrxmega7\libm.a(fixsfdi.o)
                              src/Drivers/MS56XX.o (__fixunssfdi)
c:/program files (x86)/atmel/studio/7.0/toolchain/avr8/avr8-gnu-toolchain/bin/../lib/gcc/avr/5.4.0/../../../../avr/lib/avrxmega7\libm.a(fixunssfsi.o)
                              src/main.o (__fixunssfsi)
c:/program files (x86)/atmel/studio/7.0/toolchain/avr8/avr8-gnu-toolchain/bin/../lib/gcc/avr/5.4.0/../../../../avr/lib/avrxmega7\libm.a(floatsisf.o)
                              src/main.o (__floatunsisf)
c:/program files (x86)/atmel/studio/7.0/toolchain/avr8/avr8-gnu-toolchain/bin/../lib/gcc/avr/5.4.0/../../../../avr/lib/avrxmega7\libm.a(floatundisf.o)
                              src/Drivers/MS56XX.o (__floatundisf)
c:/program files (x86)/atmel/studio/7.0/toolchain/avr8/avr8-gnu-toolchain/bin/../lib/gcc/avr/5.4.0/../../../../avr/lib/avrxmega7\libm.a(fp_cmp.o)
                              c:/program files (x86)/atmel/studio/7.0/toolchain/avr8/avr8-gnu-toolchain/bin/../lib/gcc/avr/5.4.0/../../../../avr/lib/avrxmega7\libm.a(cmpsf2.o) (__fp_cmp)
c:/program files (x86)/atmel/studio/7.0/toolchain/avr8/avr8-gnu-toolchain/bin/../lib/gcc/avr/5.4.0/../../../../avr/lib/avrxmega7\libm.a(fp_inf.o)
                              c:/program files (x86)/atmel/studio/7.0/toolchain/avr8/avr8-gnu-toolchain/bin/../lib/gcc/avr/5.4.0/../../../../avr/lib/avrxmega7\libm.a(addsf3x.o) (__fp_inf)
c:/program files (x86)/atmel/studio/7.0/toolchain/avr8/avr8-gnu-toolchain/bin/../lib/gcc/avr/5.4.0/../../../../avr/lib/avrxmega7\libm.a(fp_nan.o)
                              c:/program files (x86)/atmel/studio/7.0/toolchain/avr8/avr8-gnu-toolchain/bin/../lib/gcc/avr/5.4.0/../../../../avr/lib/avrxmega7\libm.a(addsf3x.o) (__fp_nan)
c:/program files (x86)/atmel/studio/7.0/toolchain/avr8/avr8-gnu-toolchain/bin/../lib/gcc/avr/5.4.0/../../../../avr/lib/avrxmega7\libm.a(fp_negdi.o)
                              c:/program files (x86)/atmel/studio/7.0/toolchain/avr8/avr8-gnu-toolchain/bin/../lib/gcc/avr/5.4.0/../../../../avr/lib/avrxmega7\libm.a(fixsfdi.o) (__fp_negdi)
c:/program files (x86)/atmel/studio/7.0/toolchain/avr8/avr8-gnu-toolchain/bin/../lib/gcc/avr/5.4.0/../../../../avr/lib/avrxmega7\libm.a(fp_pscA.o)
                              c:/program files (x86)/atmel/studio/7.0/toolchain/avr8/avr8-gnu-toolchain/bin/../lib/gcc/avr/5.4.0/../../../../avr/lib/avrxmega7\libm.a(addsf3x.o) (__fp_pscA)
c:/program files (x86)/atmel/studio/7.0/toolchain/avr8/avr8-gnu-toolchain/bin/../lib/gcc/avr/5.4.0/../../../../avr/lib/avrxmega7\libm.a(fp_pscB.o)
                              c:/program files (x86)/atmel/studio/7.0/toolchain/avr8/avr8-gnu-toolchain/bin/../lib/gcc/avr/5.4.0/../../../../avr/lib/avrxmega7\libm.a(addsf3x.o) (__fp_pscB)
c:/program files (x86)/atmel/studio/7.0/toolchain/avr8/avr8-gnu-toolchain/bin/../lib/gcc/avr/5.4.0/../../../../avr/lib/avrxmega7\libm.a(fp_round.o)
                              c:/program files (x86)/atmel/studio/7.0/toolchain/avr8/avr8-gnu-toolchain/bin/../lib/gcc/avr/5.4.0/../../../../avr/lib/avrxmega7\libm.a(addsf3.o) (__fp_round)
c:/program files (x86)/atmel/studio/7.0/toolchain/avr8/avr8-gnu-toolchain/bin/../lib/gcc/avr/5.4.0/../../../../avr/lib/avrxmega7\libm.a(fp_split3.o)
                              c:/program files (x86)/atmel/studio/7.0/toolchain/avr8/avr8-gnu-toolchain/bin/../lib/gcc/avr/5.4.0/../../../../avr/lib/avrxmega7\libm.a(addsf3x.o) (__fp_split3)
[...]
Memory Configuration

Name             Origin             Length             Attributes
text             0x00000000         0x00100000         xr
data             0x00802000         0x0000ffa0         rw !x
eeprom           0x00810000         0x00010000         rw !x
fuse             0x00820000         0x00000006         rw !x
lock             0x00830000         0x00000400         rw !x
signature        0x00840000         0x00000400         rw !x
user_signatures  0x00850000         0x00000400         rw !x
*default*        0x00000000         0xffffffff

Linker script and memory map

LOAD C:/Program Files (x86)/Atmel/Studio/7.0/Packs/atmel/XMEGAA_DFP/1.1.68/gcc/dev/atxmega128a1u/avrxmega7/crtatxmega128a1u.o
LOAD src/ASF/common/utils/stdio/read.o
LOAD src/ASF/xmega/drivers/adc/adc.o
LOAD src/ASF/xmega/drivers/usart/usart.o
LOAD src/ASF/xmega/drivers/adc/xmega_aau/adc_aau.o
LOAD src/ASF/common/utils/stdio/write.o
LOAD src/ASF/common/services/sleepmgr/xmega/sleepmgr.o
LOAD src/ASF/common/services/serial/usart_serial.o
LOAD src/ASF/common/services/ioport/xmega/ioport_compat.o
LOAD src/ASF/common/services/clock/xmega/sysclk.o
LOAD src/ASF/xmega/drivers/nvm/nvm.o
LOAD src/ASF/xmega/drivers/nvm/nvm_asm.o
LOAD src/ASF/xmega/drivers/cpu/ccp.o
LOAD src/ASF/common/boards/user_board/init.o
LOAD src/Drivers/MS56XX.o
LOAD src/Drivers/SPI.o
LOAD src/Drivers/uart.o
LOAD src/main.o
START GROUP
LOAD c:/program files (x86)/atmel/studio/7.0/toolchain/avr8/avr8-gnu-toolchain/bin/../lib/gcc/avr/5.4.0/../../../../avr/lib/avrxmega7\libm.a
END GROUP
START GROUP
LOAD c:/program files (x86)/atmel/studio/7.0/toolchain/avr8/avr8-gnu-toolchain/bin/../lib/gcc/avr/5.4.0/avrxmega7\libgcc.a
LOAD c:/program files (x86)/atmel/studio/7.0/toolchain/avr8/avr8-gnu-toolchain/bin/../lib/gcc/avr/5.4.0/../../../../avr/lib/avrxmega7\libm.a
LOAD c:/program files (x86)/atmel/studio/7.0/toolchain/avr8/avr8-gnu-toolchain/bin/../lib/gcc/avr/5.4.0/../../../../avr/lib/avrxmega7\libc.a
LOAD C:/Program Files (x86)/Atmel/Studio/7.0/Packs/atmel/XMEGAA_DFP/1.1.68/gcc/dev/atxmega128a1u/avrxmega7\libatxmega128a1u.a
END GROUP
                0x00100000                __TEXT_REGION_LENGTH__ = DEFINED (__TEXT_REGION_LENGTH__)?__TEXT_REGION_LENGTH__:0x100000
                0x0000ffa0                __DATA_REGION_LENGTH__ = DEFINED (__DATA_REGION_LENGTH__)?__DATA_REGION_LENGTH__:0xffa0
                0x00010000                __EEPROM_REGION_LENGTH__ = DEFINED (__EEPROM_REGION_LENGTH__)?__EEPROM_REGION_LENGTH__:0x10000
                [0x00000006]                __FUSE_REGION_LENGTH__ = DEFINED (__FUSE_REGION_LENGTH__)?__FUSE_REGION_LENGTH__:0x400
                0x00000400                __LOCK_REGION_LENGTH__ = DEFINED (__LOCK_REGION_LENGTH__)?__LOCK_REGION_LENGTH__:0x400
                0x00000400                __SIGNATURE_REGION_LENGTH__ = DEFINED (__SIGNATURE_REGION_LENGTH__)?__SIGNATURE_REGION_LENGTH__:0x400
                0x00000400                __USER_SIGNATURE_REGION_LENGTH__ = DEFINED (__USER_SIGNATURE_REGION_LENGTH__)?__USER_SIGNATURE_REGION_LENGTH__:0x400

.hash
 *(.hash)

.dynsym
 *(.dynsym)

.dynstr
 *(.dynstr)

.gnu.version
 *(.gnu.version)

.gnu.version_d
 *(.gnu.version_d)

.gnu.version_r
 *(.gnu.version_r)

.rel.init
 *(.rel.init)

.rela.init
 *(.rela.init)

.rel.text
 *(.rel.text)
 *(.rel.text.*)
 *(.rel.gnu.linkonce.t*)

.rela.text
 *(.rela.text)
 *(.rela.text.*)
 *(.rela.gnu.linkonce.t*)

.rel.fini
 *(.rel.fini)

.rela.fini
 *(.rela.fini)

.rel.rodata
 *(.rel.rodata)
 *(.rel.rodata.*)
 *(.rel.gnu.linkonce.r*)

.rela.rodata
 *(.rela.rodata)
 *(.rela.rodata.*)
 *(.rela.gnu.linkonce.r*)

.rel.data
 *(.rel.data)
 *(.rel.data.*)
 *(.rel.gnu.linkonce.d*)

.rela.data
 *(.rela.data)
 *(.rela.data.*)
 *(.rela.gnu.linkonce.d*)

.rel.ctors
 *(.rel.ctors)

.rela.ctors
 *(.rela.ctors)

.rel.dtors
 *(.rel.dtors)

.rela.dtors
 *(.rela.dtors)

.rel.got
 *(.rel.got)

.rela.got
 *(.rela.got)

.rel.bss
 *(.rel.bss)

.rela.bss
 *(.rela.bss)

.rel.plt
 *(.rel.plt)

.rela.plt
 *(.rela.plt)

.text           0x00000000     0x2e22
 *(.vectors)
 .vectors       0x00000000      0x1fc C:/Program Files (x86)/Atmel/Studio/7.0/Packs/atmel/XMEGAA_DFP/1.1.68/gcc/dev/atxmega128a1u/avrxmega7/crtatxmega128a1u.o
                0x00000000                __vector_default
                0x00000000                __vectors
 *(.vectors)
 *(.progmem.gcc*)
 .progmem.gcc_fplib
                0x000001fc       0x5a c:/program files (x86)/atmel/studio/7.0/toolchain/avr8/avr8-gnu-toolchain/bin/../lib/gcc/avr/5.4.0/../../../../avr/lib/avrxmega7\libm.a(log.o)
                0x00000256                . = ALIGN (0x2)
                0x00000256                __trampolines_start = .
 *(.trampolines)
 .trampolines   0x00000256        0x0 linker stubs
 *(.trampolines*)
                0x00000256                __trampolines_end = .
 *libprintf_flt.a:*(.progmem.data)
 *libc.a:*(.progmem.data)
 *(.progmem*)
                0x00000256                . = ALIGN (0x2)
 *(.jumptables)
 *(.jumptables*)
 *(.lowtext)
 *(.lowtext*)
                0x00000256                __ctors_start = .
 *(.ctors)
                0x00000256                __ctors_end = .
                0x00000256                __dtors_start = .
 *(.dtors)
                0x00000256                __dtors_end = .
 SORT(*)(.ctors)
 SORT(*)(.dtors)
 *(.init0)
 .init0         0x00000256        0x0 C:/Program Files (x86)/Atmel/Studio/7.0/Packs/atmel/XMEGAA_DFP/1.1.68/gcc/dev/atxmega128a1u/avrxmega7/crtatxmega128a1u.o
                0x00000256                __init
 *(.init0)
 *(.init1)
 *(.init1)
 *(.init2)
 .init2         0x00000256       0x18 C:/Program Files (x86)/Atmel/Studio/7.0/Packs/atmel/XMEGAA_DFP/1.1.68/gcc/dev/atxmega128a1u/avrxmega7/crtatxmega128a1u.o
 *(.init2)
 *(.init3)
 *(.init3)
 *(.init4)
 .init4         0x0000026e       0x1c c:/program files (x86)/atmel/studio/7.0/toolchain/avr8/avr8-gnu-toolchain/bin/../lib/gcc/avr/5.4.0/avrxmega7\libgcc.a(_copy_data.o)
                0x0000026e                __do_copy_data
 .init4         0x0000028a       0x10 c:/program files (x86)/atmel/studio/7.0/toolchain/avr8/avr8-gnu-toolchain/bin/../lib/gcc/avr/5.4.0/avrxmega7\libgcc.a(_clear_bss.o)
                0x0000028a                __do_clear_bss
 *(.init4)
 *(.init5)
 *(.init5)
 *(.init6)
 *(.init6)
 *(.init7)
 *(.init7)
 *(.init8)
 *(.init8)
 *(.init9)
 .init9         0x0000029a        0x8 C:/Program Files (x86)/Atmel/Studio/7.0/Packs/atmel/XMEGAA_DFP/1.1.68/gcc/dev/atxmega128a1u/avrxmega7/crtatxmega128a1u.o
 *(.init9)
 *(.text)
 .text          0x000002a2        0x2 C:/Program Files (x86)/Atmel/Studio/7.0/Packs/atmel/XMEGAA_DFP/1.1.68/gcc/dev/atxmega128a1u/avrxmega7/crtatxmega128a1u.o
                0x000002a2                __vector_38
                0x000002a2                __vector_104
                0x000002a2                __vector_22
                0x000002a2                __vector_63
                0x000002a2                __vector_28
                0x000002a2                __vector_67
                0x000002a2                __vector_1
                0x000002a2                __vector_119
                0x000002a2                __vector_32
                0x000002a2                __vector_75
                0x000002a2                __vector_91
                0x000002a2                __vector_34
                0x000002a2                __vector_62
                0x000002a2                __vector_77
                0x000002a2                __vector_102
                0x000002a2                __vector_24
                0x000002a2                __vector_12
                0x000002a2                __vector_55
                0x000002a2                __vector_69
                0x000002a2                __vector_81
                0x000002a2                __vector_90
                0x000002a2                __vector_46
                0x000002a2                __bad_interrupt
                0x000002a2                __vector_122
                0x000002a2                __vector_114
                0x000002a2                __vector_6
                0x000002a2                __vector_110
                0x000002a2                __vector_31
                0x000002a2                __vector_92
                0x000002a2                __vector_35
                0x000002a2                __vector_78
                0x000002a2                __vector_117
                0x000002a2                __vector_107
                0x000002a2                __vector_3
                0x000002a2                __vector_105
                0x000002a2                __vector_98
                0x000002a2                __vector_23
                0x000002a2                __vector_68
                0x000002a2                __vector_30
                0x000002a2                __vector_45
                0x000002a2                __vector_25
                0x000002a2                __vector_93
                0x000002a2                __vector_61
                0x000002a2                __vector_11
                0x000002a2                __vector_54
                0x000002a2                __vector_99
                0x000002a2                __vector_13
                0x000002a2                __vector_17
                0x000002a2                __vector_19
                0x000002a2                __vector_56
                0x000002a2                __vector_7
                0x000002a2                __vector_125
                0x000002a2                __vector_49
                0x000002a2                __vector_123
                0x000002a2                __vector_86
                0x000002a2                __vector_100
                0x000002a2                __vector_101
                0x000002a2                __vector_64
                0x000002a2                __vector_88
                0x000002a2                __vector_109
                0x000002a2                __vector_43
                0x000002a2                __vector_27
                0x000002a2                __vector_5
                0x000002a2                __vector_113
                0x000002a2                __vector_33
                0x000002a2                __vector_76
                0x000002a2                __vector_115
                0x000002a2                __vector_47
                0x000002a2                __vector_52
                0x000002a2                __vector_37
                0x000002a2                __vector_95
                0x000002a2                __vector_103
                0x000002a2                __vector_96
                0x000002a2                __vector_89
                0x000002a2                __vector_108
                0x000002a2                __vector_4
                0x000002a2                __vector_44
                0x000002a2                __vector_82
                0x000002a2                __vector_106
                0x000002a2                __vector_118
                0x000002a2                __vector_51
                0x000002a2                __vector_9
                0x000002a2                __vector_2
                0x000002a2                __vector_21
                0x000002a2                __vector_15
                0x000002a2                __vector_66
                0x000002a2                __vector_36
                0x000002a2                __vector_79
                0x000002a2                __vector_58
                0x000002a2                __vector_70
                0x000002a2                __vector_83
                0x000002a2                __vector_29
                0x000002a2                __vector_60
                0x000002a2                __vector_121
                0x000002a2                __vector_85
                0x000002a2                __vector_94
                0x000002a2                __vector_126
                0x000002a2                __vector_8
                0x000002a2                __vector_26
                0x000002a2                __vector_48
                0x000002a2                __vector_124
                0x000002a2                __vector_116
                0x000002a2                __vector_112
                0x000002a2                __vector_111
                0x000002a2                __vector_80
                0x000002a2                __vector_14
                0x000002a2                __vector_84
                0x000002a2                __vector_57
                0x000002a2                __vector_53
                0x000002a2                __vector_10
                0x000002a2                __vector_50
                0x000002a2                __vector_16
                0x000002a2                __vector_59
                0x000002a2                __vector_18
                0x000002a2                __vector_97
                0x000002a2                __vector_20
                0x000002a2                __vector_87
                0x000002a2                __vector_65
                0x000002a2                __vector_120
                0x000002a4                . = ALIGN (0x2)
 *(.text.*)
 .text._read    0x000002a4       0x32 src/ASF/common/utils/stdio/read.o
                0x000002a4                _read
 .text.usart_putchar
                0x000002d6       0x10 src/ASF/xmega/drivers/usart/usart.o
                0x000002d6                usart_putchar
 .text.usart_getchar
                0x000002e6        0xc src/ASF/xmega/drivers/usart/usart.o
                0x000002e6                usart_getchar
 .text.usart_set_baudrate
                0x000002f2      0x226 src/ASF/xmega/drivers/usart/usart.o
                0x000002f2                usart_set_baudrate
 .text.usart_init_rs232
                0x00000518      0x2c2 src/ASF/xmega/drivers/usart/usart.o
                0x00000518                usart_init_rs232
 .text.__vector_71
                0x000007da       0x7a src/ASF/xmega/drivers/adc/xmega_aau/adc_aau.o
                0x000007da                __vector_71
 .text.__vector_72
                0x00000854       0x7a src/ASF/xmega/drivers/adc/xmega_aau/adc_aau.o
                0x00000854                __vector_72
 .text.__vector_73
                0x000008ce       0x7a src/ASF/xmega/drivers/adc/xmega_aau/adc_aau.o
                0x000008ce                __vector_73
 .text.__vector_74
                0x00000948       0x7a src/ASF/xmega/drivers/adc/xmega_aau/adc_aau.o
                0x00000948                __vector_74
 .text.__vector_39
                0x000009c2       0x7a src/ASF/xmega/drivers/adc/xmega_aau/adc_aau.o
                0x000009c2                __vector_39
 .text.__vector_40
                0x00000a3c       0x7a src/ASF/xmega/drivers/adc/xmega_aau/adc_aau.o
                0x00000a3c                __vector_40
 .text.__vector_41
                0x00000ab6       0x7a src/ASF/xmega/drivers/adc/xmega_aau/adc_aau.o
                0x00000ab6                __vector_41
 .text.__vector_42
                0x00000b30       0x7a src/ASF/xmega/drivers/adc/xmega_aau/adc_aau.o
                0x00000b30                __vector_42
 .text._write   0x00000baa       0x24 src/ASF/common/utils/stdio/write.o
                0x00000baa                _write
 .text.sysclk_init
                0x00000bce       0x6a src/ASF/common/services/clock/xmega/sysclk.o
                0x00000bce                sysclk_init
 .text.sysclk_enable_module
                0x00000c38       0x2c src/ASF/common/services/clock/xmega/sysclk.o
                0x00000c38                sysclk_enable_module
 .text.ccp_write_io
                0x00000c64        0xc src/ASF/xmega/drivers/cpu/ccp.o
                0x00000c64                ccp_write_io
 .text.__portable_avr_delay_cycles
                0x00000c70       0x16 src/Drivers/MS56XX.o
 .text.read16   0x00000c86       0x28 src/Drivers/MS56XX.o
                0x00000c86                read16
 .text.read24   0x00000cae       0x40 src/Drivers/MS56XX.o
                0x00000cae                read24
 .text.define_new_MS56XX_default_OSR
                0x00000cee        0xe src/Drivers/MS56XX.o
                0x00000cee                define_new_MS56XX_default_OSR
 .text.pressureSensorReset
                0x00000cfc       0x30 src/Drivers/MS56XX.o
                0x00000cfc                pressureSensorReset
 .text.calibratePressureSensor
                0x00000d2c       0xaa src/Drivers/MS56XX.o
                0x00000d2c                calibratePressureSensor
 .text.get_read_info
                0x00000dd6       0xa0 src/Drivers/MS56XX.o
                0x00000dd6                get_read_info
 .text.readMS56XX
                0x00000e76      0x6d4 src/Drivers/MS56XX.o
                0x00000e76                readMS56XX
 .text.spiread  0x0000154a       0x10 src/Drivers/SPI.o
                0x0000154a                spiread
 .text.spiwrite
                0x0000155a        0xc src/Drivers/SPI.o
                0x0000155a                spiwrite
 .text.spiselect
                0x00001566       0x28 src/Drivers/SPI.o
                0x00001566                spiselect
 .text.spideselect
                0x0000158e       0x28 src/Drivers/SPI.o
                0x0000158e                spideselect
 .text.enable_select_pin
                0x000015b6       0x2a src/Drivers/SPI.o
                0x000015b6                enable_select_pin
 .text.initializespi
                0x000015e0      0x2a6 src/Drivers/SPI.o
                0x000015e0                initializespi
 .text.usart_serial_getchar
                0x00001886       0x12 src/Drivers/uart.o
 .text.usart_serial_putchar
                0x00001898        0x6 src/Drivers/uart.o
 .text.uart_terminal_init
                0x0000189e       0x8c src/Drivers/uart.o
                0x0000189e                uart_terminal_init
 .text.__portable_avr_delay_cycles
                0x0000192a       0x16 src/main.o
 .text.get_alt  0x00001940       0x9c src/main.o
                0x00001940                get_alt
 .text.TCC0_init
                0x000019dc       0x5a src/main.o
                0x000019dc                TCC0_init
 .text.main     0x00001a36      0x2c6 src/main.o
                0x00001a36                main
 .text.avr-libc.fplib
                0x00001cfc        0xa c:/program files (x86)/atmel/studio/7.0/toolchain/avr8/avr8-gnu-toolchain/bin/../lib/gcc/avr/5.4.0/../../../../avr/lib/avrxmega7\libm.a(addsf3.o)
                0x00001cfc                __subsf3
                0x00001cfe                __addsf3
 .text.avr-libc.fplib
                0x00001d06       0xc0 c:/program files (x86)/atmel/studio/7.0/toolchain/avr8/avr8-gnu-toolchain/bin/../lib/gcc/avr/5.4.0/../../../../avr/lib/avrxmega7\libm.a(addsf3x.o)
                0x00001d20                __addsf3x
 .text.avr-libc.fplib
                0x00001dc6        0x8 c:/program files (x86)/atmel/studio/7.0/toolchain/avr8/avr8-gnu-toolchain/bin/../lib/gcc/avr/5.4.0/../../../../avr/lib/avrxmega7\libm.a(cmpsf2.o)
                0x00001dc6                __nesf2
                0x00001dc6                __eqsf2
                0x00001dc6                __cmpsf2
                0x00001dc6                __ltsf2
                0x00001dc6                __lesf2
 .text.avr-libc.fplib
                0x00001dce        0x4 c:/program files (x86)/atmel/studio/7.0/toolchain/avr8/avr8-gnu-toolchain/bin/../lib/gcc/avr/5.4.0/../../../../avr/lib/avrxmega7\libm.a(divsf3.o)
                0x00001dce                __divsf3
 .text.avr-libc.fplib
                0x00001dd2       0xcc c:/program files (x86)/atmel/studio/7.0/toolchain/avr8/avr8-gnu-toolchain/bin/../lib/gcc/avr/5.4.0/../../../../avr/lib/avrxmega7\libm.a(divsf3x.o)
                0x00001de8                __divsf3x
                0x00001dec                __divsf3_pse
 .text.avr-libc.fplib
                0x00001e9e       0x74 c:/program files (x86)/atmel/studio/7.0/toolchain/avr8/avr8-gnu-toolchain/bin/../lib/gcc/avr/5.4.0/../../../../avr/lib/avrxmega7\libm.a(fixsfdi.o)
                0x00001e9e                __fixsfdi
                0x00001ea8                __fixunssfdi
 .text.avr-libc.fplib
                0x00001f12       0x58 c:/program files (x86)/atmel/studio/7.0/toolchain/avr8/avr8-gnu-toolchain/bin/../lib/gcc/avr/5.4.0/../../../../avr/lib/avrxmega7\libm.a(fixunssfsi.o)
                0x00001f12                __fixunssfsi
 .text.avr-libc.fplib
                0x00001f6a       0x7a c:/program files (x86)/atmel/studio/7.0/toolchain/avr8/avr8-gnu-toolchain/bin/../lib/gcc/avr/5.4.0/../../../../avr/lib/avrxmega7\libm.a(floatsisf.o)
                0x00001f6a                __floatunsisf
                0x00001f6e                __floatsisf
 .text.avr-libc.fplib
                0x00001fe4       0x7c c:/program files (x86)/atmel/studio/7.0/toolchain/avr8/avr8-gnu-toolchain/bin/../lib/gcc/avr/5.4.0/../../../../avr/lib/avrxmega7\libm.a(floatundisf.o)
                0x00001fe4                __floatundisf
                0x00001fe6                __fp_di2sf
 .text.avr-libc.fplib
                0x00002060       0x48 c:/program files (x86)/atmel/studio/7.0/toolchain/avr8/avr8-gnu-toolchain/bin/../lib/gcc/avr/5.4.0/../../../../avr/lib/avrxmega7\libm.a(fp_cmp.o)
                0x00002060                __fp_cmp
 .text.avr-libc.fplib
                0x000020a8        0xc c:/program files (x86)/atmel/studio/7.0/toolchain/avr8/avr8-gnu-toolchain/bin/../lib/gcc/avr/5.4.0/../../../../avr/lib/avrxmega7\libm.a(fp_inf.o)
                0x000020a8                __fp_inf
 .text.avr-libc.fplib
                0x000020b4        0x6 c:/program files (x86)/atmel/studio/7.0/toolchain/avr8/avr8-gnu-toolchain/bin/../lib/gcc/avr/5.4.0/../../../../avr/lib/avrxmega7\libm.a(fp_nan.o)
                0x000020b4                __fp_nan
 .text.avr-libc.fplib
                0x000020ba       0x20 c:/program files (x86)/atmel/studio/7.0/toolchain/avr8/avr8-gnu-toolchain/bin/../lib/gcc/avr/5.4.0/../../../../avr/lib/avrxmega7\libm.a(fp_negdi.o)
                0x000020ba                __fp_negdi
 .text.avr-libc.fplib
                0x000020da        0xe c:/program files (x86)/atmel/studio/7.0/toolchain/avr8/avr8-gnu-toolchain/bin/../lib/gcc/avr/5.4.0/../../../../avr/lib/avrxmega7\libm.a(fp_pscA.o)
                0x000020da                __fp_pscA
 .text.avr-libc.fplib
                0x000020e8        0xe c:/program files (x86)/atmel/studio/7.0/toolchain/avr8/avr8-gnu-toolchain/bin/../lib/gcc/avr/5.4.0/../../../../avr/lib/avrxmega7\libm.a(fp_pscB.o)
                0x000020e8                __fp_pscB
 .text.avr-libc.fplib
                0x000020f6       0x22 c:/program files (x86)/atmel/studio/7.0/toolchain/avr8/avr8-gnu-toolchain/bin/../lib/gcc/avr/5.4.0/../../../../avr/lib/avrxmega7\libm.a(fp_round.o)
                0x000020f6                __fp_round
 .text.avr-libc.fplib
                0x00002118       0x44 c:/program files (x86)/atmel/studio/7.0/toolchain/avr8/avr8-gnu-toolchain/bin/../lib/gcc/avr/5.4.0/../../../../avr/lib/avrxmega7\libm.a(fp_split3.o)
                0x00002118                __fp_split3
                0x00002128                __fp_splitA
 .text.avr-libc.fplib
                0x0000215c        0xe c:/program files (x86)/atmel/studio/7.0/toolchain/avr8/avr8-gnu-toolchain/bin/../lib/gcc/avr/5.4.0/../../../../avr/lib/avrxmega7\libm.a(fp_zero.o)
                0x0000215c                __fp_zero
                0x0000215e                __fp_szero
 .text.avr-libc.fplib
                0x0000216a        0x8 c:/program files (x86)/atmel/studio/7.0/toolchain/avr8/avr8-gnu-toolchain/bin/../lib/gcc/avr/5.4.0/../../../../avr/lib/avrxmega7\libm.a(gesf2.o)
                0x0000216a                __gesf2
                0x0000216a                __gtsf2
 .text.avr-libc.fplib
                0x00002172       0x8a c:/program files (x86)/atmel/studio/7.0/toolchain/avr8/avr8-gnu-toolchain/bin/../lib/gcc/avr/5.4.0/../../../../avr/lib/avrxmega7\libm.a(log.o)
                0x0000217c                log
 .text.avr-libc.fplib
                0x000021fc        0x4 c:/program files (x86)/atmel/studio/7.0/toolchain/avr8/avr8-gnu-toolchain/bin/../lib/gcc/avr/5.4.0/../../../../avr/lib/avrxmega7\libm.a(mulsf3.o)
                0x000021fc                __mulsf3
 .text.avr-libc.fplib
                0x00002200       0xc2 c:/program files (x86)/atmel/studio/7.0/toolchain/avr8/avr8-gnu-toolchain/bin/../lib/gcc/avr/5.4.0/../../../../avr/lib/avrxmega7\libm.a(mulsf3x.o)
                0x00002214                __mulsf3x
                0x00002218                __mulsf3_pse
 .text.avr-libc.fplib
                0x000022c2       0x1c c:/program files (x86)/atmel/studio/7.0/toolchain/avr8/avr8-gnu-toolchain/bin/../lib/gcc/avr/5.4.0/../../../../avr/lib/avrxmega7\libm.a(fp_mpack.o)
                0x000022c2                __fp_mpack
                0x000022c6                __fp_mpack_finite
 .text.avr-libc.fplib
                0x000022de       0x4a c:/program files (x86)/atmel/studio/7.0/toolchain/avr8/avr8-gnu-toolchain/bin/../lib/gcc/avr/5.4.0/../../../../avr/lib/avrxmega7\libm.a(fp_powser.o)
                0x000022de                __fp_powser
 .text.libgcc.div
                0x00002328       0x44 c:/program files (x86)/atmel/studio/7.0/toolchain/avr8/avr8-gnu-toolchain/bin/../lib/gcc/avr/5.4.0/avrxmega7\libgcc.a(_udivmodsi4.o)
                0x00002328                __udivmodsi4
 .text.libgcc.mul
                0x0000236c       0x92 c:/program files (x86)/atmel/studio/7.0/toolchain/avr8/avr8-gnu-toolchain/bin/../lib/gcc/avr/5.4.0/avrxmega7\libgcc.a(_muldi3.o)
                0x0000236c                __muldi3
 .text.libgcc.mul
                0x000023fe       0x10 c:/program files (x86)/atmel/studio/7.0/toolchain/avr8/avr8-gnu-toolchain/bin/../lib/gcc/avr/5.4.0/avrxmega7\libgcc.a(_muldi3_6.o)
                0x000023fe                __muldi3_6
 .text.libgcc.div
                0x0000240e       0x1a c:/program files (x86)/atmel/studio/7.0/toolchain/avr8/avr8-gnu-toolchain/bin/../lib/gcc/avr/5.4.0/avrxmega7\libgcc.a(_udivdi3.o)
                0x0000240e                __umoddi3
                0x00002412                __udivdi3
                0x00002414                __udivdi3_umoddi3
 .text.libgcc.div
                0x00002428       0xa2 c:/program files (x86)/atmel/studio/7.0/toolchain/avr8/avr8-gnu-toolchain/bin/../lib/gcc/avr/5.4.0/avrxmega7\libgcc.a(_udivmod64.o)
                0x00002428                __udivmod64
 .text.libgcc.builtins
                0x000024ca       0x32 c:/program files (x86)/atmel/studio/7.0/toolchain/avr8/avr8-gnu-toolchain/bin/../lib/gcc/avr/5.4.0/avrxmega7\libgcc.a(_ashldi3.o)
                0x000024ca                __ashldi3
 .text.libgcc.builtins
                0x000024fc       0x3c c:/program files (x86)/atmel/studio/7.0/toolchain/avr8/avr8-gnu-toolchain/bin/../lib/gcc/avr/5.4.0/avrxmega7\libgcc.a(_ashrdi3.o)
                0x000024fc                __ashrdi3
                0x00002500                __lshrdi3
 .text.libgcc   0x00002538       0x12 c:/program files (x86)/atmel/studio/7.0/toolchain/avr8/avr8-gnu-toolchain/bin/../lib/gcc/avr/5.4.0/avrxmega7\libgcc.a(_adddi3.o)
                0x00002538                __adddi3
 .text.libgcc   0x0000254a       0x12 c:/program files (x86)/atmel/studio/7.0/toolchain/avr8/avr8-gnu-toolchain/bin/../lib/gcc/avr/5.4.0/avrxmega7\libgcc.a(_subdi3.o)
                0x0000254a                __subdi3
 .text.libgcc   0x0000255c       0x18 c:/program files (x86)/atmel/studio/7.0/toolchain/avr8/avr8-gnu-toolchain/bin/../lib/gcc/avr/5.4.0/avrxmega7\libgcc.a(_cmpdi2_s8.o)
                0x0000255c                __cmpdi2_s8
 .text.libgcc.mul
                0x00002574       0x1e c:/program files (x86)/atmel/studio/7.0/toolchain/avr8/avr8-gnu-toolchain/bin/../lib/gcc/avr/5.4.0/avrxmega7\libgcc.a(_umulhisi3.o)
                0x00002574                __umulhisi3
 .text.avr-libc
                0x00002592       0x94 c:/program files (x86)/atmel/studio/7.0/toolchain/avr8/avr8-gnu-toolchain/bin/../lib/gcc/avr/5.4.0/../../../../avr/lib/avrxmega7\libc.a(fdevopen.o)
                0x00002592                fdevopen
 .text.avr-libc
                0x00002626       0x26 c:/program files (x86)/atmel/studio/7.0/toolchain/avr8/avr8-gnu-toolchain/bin/../lib/gcc/avr/5.4.0/../../../../avr/lib/avrxmega7\libc.a(printf.o)
                0x00002626                printf
 .text.avr-libc
                0x0000264c      0x3ee c:/program files (x86)/atmel/studio/7.0/toolchain/avr8/avr8-gnu-toolchain/bin/../lib/gcc/avr/5.4.0/../../../../avr/lib/avrxmega7\libc.a(vfprintf_std.o)
                0x0000264c                vfprintf
 .text.avr-libc
                0x00002a3a       0x34 c:/program files (x86)/atmel/studio/7.0/toolchain/avr8/avr8-gnu-toolchain/bin/../lib/gcc/avr/5.4.0/../../../../avr/lib/avrxmega7\libc.a(calloc.o)
                0x00002a3a                calloc
 .text.avr-libc
                0x00002a6e      0x242 c:/program files (x86)/atmel/studio/7.0/toolchain/avr8/avr8-gnu-toolchain/bin/../lib/gcc/avr/5.4.0/../../../../avr/lib/avrxmega7\libc.a(malloc.o)
                0x00002a6e                malloc
                0x00002b9e                free
 .text.avr-libc
                0x00002cb0       0x16 c:/program files (x86)/atmel/studio/7.0/toolchain/avr8/avr8-gnu-toolchain/bin/../lib/gcc/avr/5.4.0/../../../../avr/lib/avrxmega7\libc.a(strnlen_P.o)
                0x00002cb0                strnlen_P
 .text.avr-libc
                0x00002cc6        0xe c:/program files (x86)/atmel/studio/7.0/toolchain/avr8/avr8-gnu-toolchain/bin/../lib/gcc/avr/5.4.0/../../../../avr/lib/avrxmega7\libc.a(memset.o)
                0x00002cc6                memset
 .text.avr-libc
                0x00002cd4       0x16 c:/program files (x86)/atmel/studio/7.0/toolchain/avr8/avr8-gnu-toolchain/bin/../lib/gcc/avr/5.4.0/../../../../avr/lib/avrxmega7\libc.a(strnlen.o)
                0x00002cd4                strnlen
 .text.avr-libc
                0x00002cea       0x78 c:/program files (x86)/atmel/studio/7.0/toolchain/avr8/avr8-gnu-toolchain/bin/../lib/gcc/avr/5.4.0/../../../../avr/lib/avrxmega7\libc.a(fputc.o)
                0x00002cea                fputc
 .text.avr-libc
                0x00002d62       0xbc c:/program files (x86)/atmel/studio/7.0/toolchain/avr8/avr8-gnu-toolchain/bin/../lib/gcc/avr/5.4.0/../../../../avr/lib/avrxmega7\libc.a(ultoa_invert.o)
                0x00002d62                __ultoa_invert
                0x00002e1e                . = ALIGN (0x2)
 *(.fini9)
 .fini9         0x00002e1e        0x0 c:/program files (x86)/atmel/studio/7.0/toolchain/avr8/avr8-gnu-toolchain/bin/../lib/gcc/avr/5.4.0/avrxmega7\libgcc.a(_exit.o)
                0x00002e1e                _exit
                0x00002e1e                exit
 *(.fini9)
 *(.fini8)
 *(.fini8)
 *(.fini7)
 *(.fini7)
 *(.fini6)
 *(.fini6)
 *(.fini5)
 *(.fini5)
 *(.fini4)
 *(.fini4)
 *(.fini3)
 *(.fini3)
 *(.fini2)
 *(.fini2)
 *(.fini1)
 *(.fini1)
 *(.fini0)
 .fini0         0x00002e1e        0x4 c:/program files (x86)/atmel/studio/7.0/toolchain/avr8/avr8-gnu-toolchain/bin/../lib/gcc/avr/5.4.0/avrxmega7\libgcc.a(_exit.o)
 *(.fini0)
                0x00002e22                _etext = .

.data           0x00802000       0x22 load address 0x00002e22
                0x00802000                PROVIDE (__data_start, .)
 *(.data)
 .data          0x00802000        0x6 c:/program files (x86)/atmel/studio/7.0/toolchain/avr8/avr8-gnu-toolchain/bin/../lib/gcc/avr/5.4.0/../../../../avr/lib/avrxmega7\libc.a(malloc.o)
                0x00802000                __malloc_heap_end
                0x00802002                __malloc_heap_start
                0x00802004                __malloc_margin
 *(.data*)
 .data.usart_config.5947
                0x00802006        0x7 src/Drivers/uart.o
 *(.gnu.linkonce.d*)
 *(.rodata)
 *(.rodata*)
 .rodata.str1.1
                0x0080200d       0x14 src/main.o
 *(.gnu.linkonce.r*)
                0x00802022                . = ALIGN (0x2)
 *fill*         0x00802021        0x1 
                0x00802022                _edata = .
                0x00802022                PROVIDE (__data_end, .)

.bss            0x00802022       0x14
                0x00802022                PROVIDE (__bss_start, .)
 *(.bss)
 *(.bss*)
 *(COMMON)
 COMMON         0x00802022        0x2 src/ASF/common/utils/stdio/read.o
                0x00802022                ptr_get
 COMMON         0x00802024        0x4 src/ASF/xmega/drivers/adc/adc.o
                0x00802024                adcb_callback
                0x00802026                adca_callback
 COMMON         0x00802028        0x4 src/ASF/common/utils/stdio/write.o
                0x00802028                ptr_put
                0x0080202a                stdio_base
 COMMON         0x0080202c        0x6 c:/program files (x86)/atmel/studio/7.0/toolchain/avr8/avr8-gnu-toolchain/bin/../lib/gcc/avr/5.4.0/../../../../avr/lib/avrxmega7\libc.a(iob.o)
                0x0080202c                __iob
 COMMON         0x00802032        0x4 c:/program files (x86)/atmel/studio/7.0/toolchain/avr8/avr8-gnu-toolchain/bin/../lib/gcc/avr/5.4.0/../../../../avr/lib/avrxmega7\libc.a(malloc.o)
                0x00802032                __brkval
                0x00802034                __flp
                0x00802036                PROVIDE (__bss_end, .)
                0x00002e22                __data_load_start = LOADADDR (.data)
                0x00002e44                __data_load_end = (__data_load_start + SIZEOF (.data))

.noinit         0x00802036        0x0
                [!provide]                PROVIDE (__noinit_start, .)
 *(.noinit*)
                [!provide]                PROVIDE (__noinit_end, .)
                0x00802036                _end = .
                0x00802036                PROVIDE (__heap_start, .)

.eeprom         0x00810000        0x0
 *(.eeprom*)
                0x00810000                __eeprom_end = .

.fuse
 *(.fuse)
 *(.lfuse)
 *(.hfuse)
 *(.efuse)

.lock
 *(.lock*)

.signature
 *(.signature*)

.user_signatures
 *(.user_signatures*)

.stab
 *(.stab)

.stabstr
 *(.stabstr)

.stab.excl
 *(.stab.excl)

.stab.exclstr
 *(.stab.exclstr)

.stab.index
 *(.stab.index)

.stab.indexstr
 *(.stab.indexstr)

.comment        0x00000000       0x5c
 *(.comment)
 .comment       0x00000000       0x30 src/ASF/common/utils/stdio/read.o
                                 0x31 (size before relaxing)
 .comment       0x00000030       0x31 src/ASF/xmega/drivers/adc/adc.o
 .comment       0x00000030       0x31 src/ASF/xmega/drivers/usart/usart.o
 .comment       0x00000030       0x31 src/ASF/xmega/drivers/adc/xmega_aau/adc_aau.o
 .comment       0x00000030       0x31 src/ASF/common/utils/stdio/write.o
 .comment       0x00000030       0x31 src/ASF/common/services/clock/xmega/sysclk.o
 .comment       0x00000030       0x31 src/Drivers/MS56XX.o
 .comment       0x00000030       0x31 src/Drivers/SPI.o
 .comment       0x00000030       0x31 src/Drivers/uart.o
 .comment       0x00000030       0x31 src/main.o
 .comment       0x00000030       0x31 c:/program files (x86)/atmel/studio/7.0/toolchain/avr8/avr8-gnu-toolchain/bin/../lib/gcc/avr/5.4.0/../../../../avr/lib/avrxmega7\libc.a(fdevopen.o)
 .comment       0x00000030       0x31 c:/program files (x86)/atmel/studio/7.0/toolchain/avr8/avr8-gnu-toolchain/bin/../lib/gcc/avr/5.4.0/../../../../avr/lib/avrxmega7\libc.a(iob.o)
 .comment       0x00000030       0x31 c:/program files (x86)/atmel/studio/7.0/toolchain/avr8/avr8-gnu-toolchain/bin/../lib/gcc/avr/5.4.0/../../../../avr/lib/avrxmega7\libc.a(printf.o)
 .comment       0x00000030       0x2c c:/program files (x86)/atmel/studio/7.0/toolchain/avr8/avr8-gnu-toolchain/bin/../lib/gcc/avr/5.4.0/../../../../avr/lib/avrxmega7\libc.a(vfprintf_std.o)
                                 0x2d (size before relaxing)
 .comment       0x0000005c       0x31 c:/program files (x86)/atmel/studio/7.0/toolchain/avr8/avr8-gnu-toolchain/bin/../lib/gcc/avr/5.4.0/../../../../avr/lib/avrxmega7\libc.a(calloc.o)
 .comment       0x0000005c       0x31 c:/program files (x86)/atmel/studio/7.0/toolchain/avr8/avr8-gnu-toolchain/bin/../lib/gcc/avr/5.4.0/../../../../avr/lib/avrxmega7\libc.a(malloc.o)
 .comment       0x0000005c       0x31 c:/program files (x86)/atmel/studio/7.0/toolchain/avr8/avr8-gnu-toolchain/bin/../lib/gcc/avr/5.4.0/../../../../avr/lib/avrxmega7\libc.a(fputc.o)

.note.gnu.avr.deviceinfo
                0x00000000       0x40
 .note.gnu.avr.deviceinfo
                0x00000000       0x40 C:/Program Files (x86)/Atmel/Studio/7.0/Packs/atmel/XMEGAA_DFP/1.1.68/gcc/dev/atxmega128a1u/avrxmega7/crtatxmega128a1u.o

.note.gnu.build-id
 *(.note.gnu.build-id)

.debug
 *(.debug)

.line
 *(.line)

.debug_srcinfo
 *(.debug_srcinfo)

.debug_sfnames
 *(.debug_sfnames)

.debug_aranges  0x00000000      0x2c8
 *(.debug_aranges)
 .debug_aranges
                0x00000000       0x20 src/ASF/common/utils/stdio/read.o
 .debug_aranges
                0x00000020       0x48 src/ASF/xmega/drivers/adc/adc.o
 .debug_aranges
                0x00000068       0x58 src/ASF/xmega/drivers/usart/usart.o
 .debug_aranges
                0x000000c0       0x78 src/ASF/xmega/drivers/adc/xmega_aau/adc_aau.o
 .debug_aranges
                0x00000138       0x20 src/ASF/common/utils/stdio/write.o
 .debug_aranges
                0x00000158       0x40 src/ASF/common/services/clock/xmega/sysclk.o
 .debug_aranges
                0x00000198       0x20 src/ASF/xmega/drivers/cpu/ccp.o
 .debug_aranges
                0x000001b8       0x60 src/Drivers/MS56XX.o
 .debug_aranges
                0x00000218       0x48 src/Drivers/SPI.o
 .debug_aranges
                0x00000260       0x30 src/Drivers/uart.o
 .debug_aranges
                0x00000290       0x38 src/main.o

.debug_pubnames
 *(.debug_pubnames)

.debug_info     0x00000000    0x11169
 *(.debug_info .gnu.linkonce.wi.*)
 .debug_info    0x00000000     0x3e5a C:/Program Files (x86)/Atmel/Studio/7.0/Packs/atmel/XMEGAA_DFP/1.1.68/gcc/dev/atxmega128a1u/avrxmega7/crtatxmega128a1u.o
 .debug_info    0x00003e5a      0x119 src/ASF/common/utils/stdio/read.o
 .debug_info    0x00003f73      0xa8f src/ASF/xmega/drivers/adc/adc.o
 .debug_info    0x00004a02     0x327c src/ASF/xmega/drivers/usart/usart.o
 .debug_info    0x00007c7e      0xe9a src/ASF/xmega/drivers/adc/xmega_aau/adc_aau.o
 .debug_info    0x00008b18      0x119 src/ASF/common/utils/stdio/write.o
 .debug_info    0x00008c31      0x83b src/ASF/common/services/clock/xmega/sysclk.o
 .debug_info    0x0000946c       0xb8 src/ASF/xmega/drivers/cpu/ccp.o
 .debug_info    0x00009524      0xba3 src/Drivers/MS56XX.o
 .debug_info    0x0000a0c7     0x278b src/Drivers/SPI.o
 .debug_info    0x0000c852     0x22c0 src/Drivers/uart.o
 .debug_info    0x0000eb12     0x2657 src/main.o

.debug_abbrev   0x00000000     0x5561
 *(.debug_abbrev)
 .debug_abbrev  0x00000000     0x3b0e C:/Program Files (x86)/Atmel/Studio/7.0/Packs/atmel/XMEGAA_DFP/1.1.68/gcc/dev/atxmega128a1u/avrxmega7/crtatxmega128a1u.o
 .debug_abbrev  0x00003b0e       0xc5 src/ASF/common/utils/stdio/read.o
 .debug_abbrev  0x00003bd3      0x2b4 src/ASF/xmega/drivers/adc/adc.o
 .debug_abbrev  0x00003e87      0x3f5 src/ASF/xmega/drivers/usart/usart.o
 .debug_abbrev  0x0000427c      0x320 src/ASF/xmega/drivers/adc/xmega_aau/adc_aau.o
 .debug_abbrev  0x0000459c       0xa7 src/ASF/common/utils/stdio/write.o
 .debug_abbrev  0x00004643      0x241 src/ASF/common/services/clock/xmega/sysclk.o
 .debug_abbrev  0x00004884       0x14 src/ASF/xmega/drivers/cpu/ccp.o
 .debug_abbrev  0x00004898      0x34c src/Drivers/MS56XX.o
 .debug_abbrev  0x00004be4      0x333 src/Drivers/SPI.o
 .debug_abbrev  0x00004f17      0x30b src/Drivers/uart.o
 .debug_abbrev  0x00005222      0x33f src/main.o

.debug_line     0x00000000     0x5b95
 *(.debug_line .debug_line.* .debug_line_end)
 .debug_line    0x00000000      0x3b5 C:/Program Files (x86)/Atmel/Studio/7.0/Packs/atmel/XMEGAA_DFP/1.1.68/gcc/dev/atxmega128a1u/avrxmega7/crtatxmega128a1u.o
 .debug_line    0x000003b5      0x3d3 src/ASF/common/utils/stdio/read.o
 .debug_line    0x00000788      0x7c3 src/ASF/xmega/drivers/adc/adc.o
 .debug_line    0x00000f4b      0xda3 src/ASF/xmega/drivers/usart/usart.o
 .debug_line    0x00001cee      0x973 src/ASF/xmega/drivers/adc/xmega_aau/adc_aau.o
 .debug_line    0x00002661      0x3da src/ASF/common/utils/stdio/write.o
 .debug_line    0x00002a3b      0x6a8 src/ASF/common/services/clock/xmega/sysclk.o
 .debug_line    0x000030e3       0x6e src/ASF/xmega/drivers/cpu/ccp.o
 .debug_line    0x00003151      0xbe1 src/Drivers/MS56XX.o
 .debug_line    0x00003d32      0xb3c src/Drivers/SPI.o
 .debug_line    0x0000486e      0x906 src/Drivers/uart.o
 .debug_line    0x00005174      0xa21 src/main.o

.debug_frame    0x00000000      0xa00
 *(.debug_frame)
 .debug_frame   0x00000000       0x34 src/ASF/common/utils/stdio/read.o
 .debug_frame   0x00000034       0xbc src/ASF/xmega/drivers/adc/adc.o
 .debug_frame   0x000000f0      0x150 src/ASF/xmega/drivers/usart/usart.o
 .debug_frame   0x00000240      0x3e4 src/ASF/xmega/drivers/adc/xmega_aau/adc_aau.o
 .debug_frame   0x00000624       0x24 src/ASF/common/utils/stdio/write.o
 .debug_frame   0x00000648       0xa4 src/ASF/common/services/clock/xmega/sysclk.o
 .debug_frame   0x000006ec      0x158 src/Drivers/MS56XX.o
 .debug_frame   0x00000844       0x88 src/Drivers/SPI.o
 .debug_frame   0x000008cc       0x60 src/Drivers/uart.o
 .debug_frame   0x0000092c       0xd4 src/main.o

.debug_str      0x00000000    0x32d17
 *(.debug_str)
 .debug_str     0x00000000     0x2969 C:/Program Files (x86)/Atmel/Studio/7.0/Packs/atmel/XMEGAA_DFP/1.1.68/gcc/dev/atxmega128a1u/avrxmega7/crtatxmega128a1u.o
 .debug_str     0x00002969    0x2b41f src/ASF/common/utils/stdio/read.o
                              0x2ba62 (size before relaxing)
 .debug_str     0x0002dd88     0x2140 src/ASF/xmega/drivers/adc/adc.o
                              0x2dbda (size before relaxing)
 .debug_str     0x0002fec8     0x14e5 src/ASF/xmega/drivers/usart/usart.o
                              0x2e616 (size before relaxing)
 .debug_str     0x000313ad      0x5cc src/ASF/xmega/drivers/adc/xmega_aau/adc_aau.o
                              0x2de6d (size before relaxing)
 .debug_str     0x00031979       0x35 src/ASF/common/utils/stdio/write.o
                              0x2ba64 (size before relaxing)
 .debug_str     0x000319ae      0x232 src/ASF/common/services/clock/xmega/sysclk.o
                              0x2d1c7 (size before relaxing)
 .debug_str     0x00031be0      0xafb src/Drivers/MS56XX.o
                              0x2eb13 (size before relaxing)
 .debug_str     0x000326db       0x5c src/Drivers/SPI.o
                              0x2f184 (size before relaxing)
 .debug_str     0x00032737      0x1b7 src/Drivers/uart.o
                              0x2f3f6 (size before relaxing)
 .debug_str     0x000328ee      0x429 src/main.o
                              0x2f890 (size before relaxing)

.debug_loc      0x00000000     0x35cc
 *(.debug_loc)
 .debug_loc     0x00000000       0x6e src/ASF/common/utils/stdio/read.o
 .debug_loc     0x0000006e      0x2b3 src/ASF/xmega/drivers/adc/adc.o
 .debug_loc     0x00000321      0xe0d src/ASF/xmega/drivers/usart/usart.o
 .debug_loc     0x0000112e      0xd3c src/ASF/xmega/drivers/adc/xmega_aau/adc_aau.o
 .debug_loc     0x00001e6a       0x52 src/ASF/common/utils/stdio/write.o
 .debug_loc     0x00001ebc      0x301 src/ASF/common/services/clock/xmega/sysclk.o
 .debug_loc     0x000021bd      0xb77 src/Drivers/MS56XX.o
 .debug_loc     0x00002d34      0x30b src/Drivers/SPI.o
 .debug_loc     0x0000303f      0x15b src/Drivers/uart.o
 .debug_loc     0x0000319a      0x432 src/main.o

.debug_macinfo
 *(.debug_macinfo)

.debug_weaknames
 *(.debug_weaknames)

.debug_funcnames
 *(.debug_funcnames)

.debug_typenames
 *(.debug_typenames)

.debug_varnames
 *(.debug_varnames)

.debug_pubtypes
 *(.debug_pubtypes)

.debug_ranges   0x00000000      0x240
 *(.debug_ranges)
 .debug_ranges  0x00000000       0x10 src/ASF/common/utils/stdio/read.o
 .debug_ranges  0x00000010       0x38 src/ASF/xmega/drivers/adc/adc.o
 .debug_ranges  0x00000048       0x80 src/ASF/xmega/drivers/usart/usart.o
 .debug_ranges  0x000000c8       0x68 src/ASF/xmega/drivers/adc/xmega_aau/adc_aau.o
 .debug_ranges  0x00000130       0x10 src/ASF/common/utils/stdio/write.o
 .debug_ranges  0x00000140       0x30 src/ASF/common/services/clock/xmega/sysclk.o
 .debug_ranges  0x00000170       0x50 src/Drivers/MS56XX.o
 .debug_ranges  0x000001c0       0x38 src/Drivers/SPI.o
 .debug_ranges  0x000001f8       0x20 src/Drivers/uart.o
 .debug_ranges  0x00000218       0x28 src/main.o

.debug_macro    0x00000000     0xbb78
 *(.debug_macro)
 .debug_macro   0x00000000      0x16d src/ASF/common/utils/stdio/read.o
 .debug_macro   0x0000016d      0xa96 src/ASF/common/utils/stdio/read.o
 .debug_macro   0x00000c03       0x10 src/ASF/common/utils/stdio/read.o
 .debug_macro   0x00000c13      0x1c9 src/ASF/common/utils/stdio/read.o
 .debug_macro   0x00000ddc      0x2fc src/ASF/common/utils/stdio/read.o
 .debug_macro   0x000010d8       0x9e src/ASF/common/utils/stdio/read.o
 .debug_macro   0x00001176     0x6dbc src/ASF/common/utils/stdio/read.o
 .debug_macro   0x00007f32       0x9a src/ASF/common/utils/stdio/read.o
 .debug_macro   0x00007fcc       0xf1 src/ASF/common/utils/stdio/read.o
 .debug_macro   0x000080bd       0x34 src/ASF/common/utils/stdio/read.o
 .debug_macro   0x000080f1       0x16 src/ASF/common/utils/stdio/read.o
 .debug_macro   0x00008107       0x18 src/ASF/common/utils/stdio/read.o
 .debug_macro   0x0000811f       0x5e src/ASF/common/utils/stdio/read.o
 .debug_macro   0x0000817d       0x10 src/ASF/common/utils/stdio/read.o
 .debug_macro   0x0000818d       0x22 src/ASF/common/utils/stdio/read.o
 .debug_macro   0x000081af      0x16d src/ASF/common/utils/stdio/read.o
 .debug_macro   0x0000831c       0x1c src/ASF/common/utils/stdio/read.o
 .debug_macro   0x00008338       0x35 src/ASF/common/utils/stdio/read.o
 .debug_macro   0x0000836d       0x66 src/ASF/common/utils/stdio/read.o
 .debug_macro   0x000083d3      0x6d7 src/ASF/common/utils/stdio/read.o
 .debug_macro   0x00008aaa       0x96 src/ASF/common/utils/stdio/read.o
 .debug_macro   0x00008b40       0x17 src/ASF/common/utils/stdio/read.o
 .debug_macro   0x00008b57      0x250 src/ASF/common/utils/stdio/read.o
 .debug_macro   0x00008da7       0x76 src/ASF/common/utils/stdio/read.o
 .debug_macro   0x00008e1d       0x16 src/ASF/common/utils/stdio/read.o
 .debug_macro   0x00008e33      0x6d9 src/ASF/common/utils/stdio/read.o
 .debug_macro   0x0000950c       0x10 src/ASF/common/utils/stdio/read.o
 .debug_macro   0x0000951c      0x175 src/ASF/common/utils/stdio/read.o
 .debug_macro   0x00009691       0x40 src/ASF/common/utils/stdio/read.o
 .debug_macro   0x000096d1       0x69 src/ASF/common/utils/stdio/read.o
 .debug_macro   0x0000973a       0x31 src/ASF/common/utils/stdio/read.o
 .debug_macro   0x0000976b       0xe4 src/ASF/common/utils/stdio/read.o
 .debug_macro   0x0000984f      0x23a src/ASF/xmega/drivers/adc/adc.o
 .debug_macro   0x00009a89       0x10 src/ASF/xmega/drivers/adc/adc.o
 .debug_macro   0x00009a99       0x20 src/ASF/xmega/drivers/adc/adc.o
 .debug_macro   0x00009ab9       0x10 src/ASF/xmega/drivers/adc/adc.o
 .debug_macro   0x00009ac9       0x42 src/ASF/xmega/drivers/adc/adc.o
 .debug_macro   0x00009b0b       0x22 src/ASF/xmega/drivers/adc/adc.o
 .debug_macro   0x00009b2d      0x2c3 src/ASF/xmega/drivers/adc/adc.o
 .debug_macro   0x00009df0       0x64 src/ASF/xmega/drivers/adc/adc.o
 .debug_macro   0x00009e54       0x2f src/ASF/xmega/drivers/adc/adc.o
 .debug_macro   0x00009e83      0x154 src/ASF/xmega/drivers/adc/adc.o
 .debug_macro   0x00009fd7       0xe3 src/ASF/xmega/drivers/adc/adc.o
 .debug_macro   0x0000a0ba      0x22c src/ASF/xmega/drivers/usart/usart.o
 .debug_macro   0x0000a2e6      0x302 src/ASF/xmega/drivers/usart/usart.o
 .debug_macro   0x0000a5e8       0x34 src/ASF/xmega/drivers/usart/usart.o
 .debug_macro   0x0000a61c       0x9a src/ASF/xmega/drivers/usart/usart.o
 .debug_macro   0x0000a6b6      0x102 src/ASF/xmega/drivers/usart/usart.o
 .debug_macro   0x0000a7b8      0x23a src/ASF/xmega/drivers/adc/xmega_aau/adc_aau.o
 .debug_macro   0x0000a9f2      0x16d src/ASF/common/utils/stdio/write.o
 .debug_macro   0x0000ab5f      0x1e6 src/ASF/common/services/clock/xmega/sysclk.o
 .debug_macro   0x0000ad45       0x26 src/ASF/common/services/clock/xmega/sysclk.o
 .debug_macro   0x0000ad6b      0x318 src/Drivers/MS56XX.o
 .debug_macro   0x0000b083      0x30e src/Drivers/SPI.o
 .debug_macro   0x0000b391      0x30d src/Drivers/uart.o
 .debug_macro   0x0000b69e       0x34 src/Drivers/uart.o
 .debug_macro   0x0000b6d2      0x346 src/main.o
 .debug_macro   0x0000ba18      0x160 src/main.o
OUTPUT(One Month Team 4.elf elf32-avr)
LOAD linker stubs
